---
version: 1
interactions:
- request:
    body: |
      {"description":"Created using the Datadog provider in Terraform","id":"","is_read_only":true,"layout_type":"ordered","notify_list":[],"template_variable_presets":[],"template_variables":[],"title":"Acceptance Test Heatmap Widget Dashboard","widgets":[{"definition":{"requests":[{"q":"avg:system.cpu.user{account:prod} by {app}","style":{"palette":"blue"}}],"time":{"live_span":"1mo"},"title":"Avg of system.cpu.user over account:prod by app","title_align":"center","title_size":"16","type":"heatmap","yaxis":{"include_zero":false,"max":"100"}}}]}
    form: {}
    headers:
      Accept:
      - application/json
      Content-Type:
      - application/json
      Dd-Operation-Id:
      - CreateDashboard
      User-Agent:
      - datadog-api-client-go/1.0.0-beta.4 (go go1.13; os darwin; arch amd64)
    url: https://api.datadoghq.com/api/v1/dashboard
    method: POST
  response:
    body: '{"notify_list":[],"description":"Created using the Datadog provider in
      Terraform","author_name":"Nicholas Muesch","template_variable_presets":[],"template_variables":[],"is_read_only":true,"id":"p7d-faj-gwv","title":"Acceptance
      Test Heatmap Widget Dashboard","url":"/dashboard/p7d-faj-gwv/acceptance-test-heatmap-widget-dashboard","created_at":"2020-06-17T16:51:35.585437+00:00","modified_at":"2020-06-17T16:51:35.585437+00:00","author_handle":"nicholas.muesch@datadoghq.com","widgets":[{"definition":{"title_size":"16","title":"Avg
      of system.cpu.user over account:prod by app","title_align":"center","yaxis":{"include_zero":false,"max":"100"},"time":{"live_span":"1mo"},"requests":[{"q":"avg:system.cpu.user{account:prod}
      by {app}","style":{"palette":"blue"}}],"type":"heatmap"},"id":1386073392813399}],"layout_type":"ordered"}'
    headers:
      Cache-Control:
      - no-cache
      Connection:
      - keep-alive
      Content-Security-Policy:
      - frame-ancestors 'self'; report-uri https://api.datadoghq.com/csp-report
      Content-Type:
      - application/json
      Date:
      - Wed, 17 Jun 2020 16:51:35 GMT
      Dd-Pool:
      - dogweb
      Pragma:
      - no-cache
      Set-Cookie:
      - DD-PSHARD=233; Max-Age=604800; Path=/; expires=Wed, 24-Jun-2020 16:51:35 GMT;
        secure; HttpOnly
      Strict-Transport-Security:
      - max-age=15724800;
      Vary:
      - Accept-Encoding
      X-Content-Type-Options:
      - nosniff
      X-Dd-Debug:
      - i90G6k4M6qI4UypyvMoczcO5m+jatiEQSMeHpdjycp0h4nWxRpKUHr6efynkbQs+
      X-Dd-Version:
      - "35.2632563"
      X-Frame-Options:
      - SAMEORIGIN
    status: 200 OK
    code: 200
    duration: ""
- request:
    body: ""
    form: {}
    headers:
      Accept:
      - application/json
      Dd-Operation-Id:
      - GetDashboard
      User-Agent:
      - datadog-api-client-go/1.0.0-beta.4 (go go1.13; os darwin; arch amd64)
    url: https://api.datadoghq.com/api/v1/dashboard/p7d-faj-gwv
    method: GET
  response:
    body: '{"notify_list":[],"description":"Created using the Datadog provider in
      Terraform","author_name":"Nicholas Muesch","template_variable_presets":[],"template_variables":[],"is_read_only":true,"id":"p7d-faj-gwv","title":"Acceptance
      Test Heatmap Widget Dashboard","url":"/dashboard/p7d-faj-gwv/acceptance-test-heatmap-widget-dashboard","created_at":"2020-06-17T16:51:35.585437+00:00","modified_at":"2020-06-17T16:51:35.585437+00:00","author_handle":"nicholas.muesch@datadoghq.com","widgets":[{"definition":{"title_size":"16","title":"Avg
      of system.cpu.user over account:prod by app","title_align":"center","yaxis":{"include_zero":false,"max":"100"},"time":{"live_span":"1mo"},"requests":[{"q":"avg:system.cpu.user{account:prod}
      by {app}","style":{"palette":"blue"}}],"type":"heatmap"},"id":1386073392813399}],"layout_type":"ordered"}'
    headers:
      Cache-Control:
      - no-cache
      Connection:
      - keep-alive
      Content-Security-Policy:
      - frame-ancestors 'self'; report-uri https://api.datadoghq.com/csp-report
      Content-Type:
      - application/json
      Date:
      - Wed, 17 Jun 2020 16:51:35 GMT
      Dd-Pool:
      - dogweb
      Pragma:
      - no-cache
      Set-Cookie:
      - DD-PSHARD=233; Max-Age=604800; Path=/; expires=Wed, 24-Jun-2020 16:51:35 GMT;
        secure; HttpOnly
      Strict-Transport-Security:
      - max-age=15724800;
      Vary:
      - Accept-Encoding
      X-Content-Type-Options:
      - nosniff
      X-Dd-Debug:
      - 2VXDwI2pcuhRZeQ6xt/fJh1koMYSfGcgQg5wAzgLqeh10Zf5/W946U7T5w6SEIhy
      X-Dd-Version:
      - "35.2632563"
      X-Frame-Options:
      - SAMEORIGIN
    status: 200 OK
    code: 200
    duration: ""
- request:
    body: ""
    form: {}
    headers:
      Accept:
      - application/json
      Dd-Operation-Id:
      - GetDashboard
      User-Agent:
      - datadog-api-client-go/1.0.0-beta.4 (go go1.13; os darwin; arch amd64)
    url: https://api.datadoghq.com/api/v1/dashboard/p7d-faj-gwv
    method: GET
  response:
    body: '{"notify_list":[],"description":"Created using the Datadog provider in
      Terraform","author_name":"Nicholas Muesch","template_variable_presets":[],"template_variables":[],"is_read_only":true,"id":"p7d-faj-gwv","title":"Acceptance
      Test Heatmap Widget Dashboard","url":"/dashboard/p7d-faj-gwv/acceptance-test-heatmap-widget-dashboard","created_at":"2020-06-17T16:51:35.585437+00:00","modified_at":"2020-06-17T16:51:35.585437+00:00","author_handle":"nicholas.muesch@datadoghq.com","widgets":[{"definition":{"title_size":"16","title":"Avg
      of system.cpu.user over account:prod by app","title_align":"center","yaxis":{"include_zero":false,"max":"100"},"time":{"live_span":"1mo"},"requests":[{"q":"avg:system.cpu.user{account:prod}
      by {app}","style":{"palette":"blue"}}],"type":"heatmap"},"id":1386073392813399}],"layout_type":"ordered"}'
    headers:
      Cache-Control:
      - no-cache
      Connection:
      - keep-alive
      Content-Security-Policy:
      - frame-ancestors 'self'; report-uri https://api.datadoghq.com/csp-report
      Content-Type:
      - application/json
      Date:
      - Wed, 17 Jun 2020 16:51:36 GMT
      Dd-Pool:
      - dogweb
      Pragma:
      - no-cache
      Set-Cookie:
      - DD-PSHARD=233; Max-Age=604800; Path=/; expires=Wed, 24-Jun-2020 16:51:36 GMT;
        secure; HttpOnly
      Strict-Transport-Security:
      - max-age=15724800;
      Vary:
      - Accept-Encoding
      X-Content-Type-Options:
      - nosniff
      X-Dd-Debug:
      - DNJM9d0LaQZJbuEjasKEmgCwDoiLnJW9mPQJm+yWIlQRbFhX4Vzx4uuDCt38dWhb
      X-Dd-Version:
      - "35.2632563"
      X-Frame-Options:
      - SAMEORIGIN
    status: 200 OK
    code: 200
    duration: ""
- request:
    body: ""
    form: {}
    headers:
      Accept:
      - application/json
      Dd-Operation-Id:
      - GetDashboard
      User-Agent:
      - datadog-api-client-go/1.0.0-beta.4 (go go1.13; os darwin; arch amd64)
    url: https://api.datadoghq.com/api/v1/dashboard/p7d-faj-gwv
    method: GET
  response:
    body: '{"notify_list":[],"description":"Created using the Datadog provider in
      Terraform","author_name":"Nicholas Muesch","template_variable_presets":[],"template_variables":[],"is_read_only":true,"id":"p7d-faj-gwv","title":"Acceptance
      Test Heatmap Widget Dashboard","url":"/dashboard/p7d-faj-gwv/acceptance-test-heatmap-widget-dashboard","created_at":"2020-06-17T16:51:35.585437+00:00","modified_at":"2020-06-17T16:51:35.585437+00:00","author_handle":"nicholas.muesch@datadoghq.com","widgets":[{"definition":{"title_size":"16","title":"Avg
      of system.cpu.user over account:prod by app","title_align":"center","yaxis":{"include_zero":false,"max":"100"},"time":{"live_span":"1mo"},"requests":[{"q":"avg:system.cpu.user{account:prod}
      by {app}","style":{"palette":"blue"}}],"type":"heatmap"},"id":1386073392813399}],"layout_type":"ordered"}'
    headers:
      Cache-Control:
      - no-cache
      Connection:
      - keep-alive
      Content-Security-Policy:
      - frame-ancestors 'self'; report-uri https://api.datadoghq.com/csp-report
      Content-Type:
      - application/json
      Date:
      - Wed, 17 Jun 2020 16:51:37 GMT
      Dd-Pool:
      - dogweb
      Pragma:
      - no-cache
      Set-Cookie:
      - DD-PSHARD=233; Max-Age=604800; Path=/; expires=Wed, 24-Jun-2020 16:51:37 GMT;
        secure; HttpOnly
      Strict-Transport-Security:
      - max-age=15724800;
      Vary:
      - Accept-Encoding
      X-Content-Type-Options:
      - nosniff
      X-Dd-Debug:
      - cYNsy3QDuOaYo2clO/PharSNtCykS9KtUfiNevH3xDbHJlRyddWkNpuDhMgHWZ43
      X-Dd-Version:
      - "35.2632563"
      X-Frame-Options:
      - SAMEORIGIN
    status: 200 OK
    code: 200
    duration: ""
- request:
    body: ""
    form: {}
    headers:
      Accept:
      - application/json
      Dd-Operation-Id:
      - GetDashboard
      User-Agent:
      - datadog-api-client-go/1.0.0-beta.4 (go go1.13; os darwin; arch amd64)
    url: https://api.datadoghq.com/api/v1/dashboard/p7d-faj-gwv
    method: GET
  response:
    body: '{"notify_list":[],"description":"Created using the Datadog provider in
      Terraform","author_name":"Nicholas Muesch","template_variable_presets":[],"template_variables":[],"is_read_only":true,"id":"p7d-faj-gwv","title":"Acceptance
      Test Heatmap Widget Dashboard","url":"/dashboard/p7d-faj-gwv/acceptance-test-heatmap-widget-dashboard","created_at":"2020-06-17T16:51:35.585437+00:00","modified_at":"2020-06-17T16:51:35.585437+00:00","author_handle":"nicholas.muesch@datadoghq.com","widgets":[{"definition":{"title_size":"16","title":"Avg
      of system.cpu.user over account:prod by app","title_align":"center","yaxis":{"include_zero":false,"max":"100"},"time":{"live_span":"1mo"},"requests":[{"q":"avg:system.cpu.user{account:prod}
      by {app}","style":{"palette":"blue"}}],"type":"heatmap"},"id":1386073392813399}],"layout_type":"ordered"}'
    headers:
      Cache-Control:
      - no-cache
      Connection:
      - keep-alive
      Content-Security-Policy:
      - frame-ancestors 'self'; report-uri https://api.datadoghq.com/csp-report
      Content-Type:
      - application/json
      Date:
      - Wed, 17 Jun 2020 16:51:37 GMT
      Dd-Pool:
      - dogweb
      Pragma:
      - no-cache
      Set-Cookie:
      - DD-PSHARD=233; Max-Age=604800; Path=/; expires=Wed, 24-Jun-2020 16:51:37 GMT;
        secure; HttpOnly
      Strict-Transport-Security:
      - max-age=15724800;
      Vary:
      - Accept-Encoding
      X-Content-Type-Options:
      - nosniff
      X-Dd-Debug:
      - Jhz2Lh32XBCZ7PVSj7/lof8hXjgbtiexG4VIRWAEYHPFefqyYpXnVaeT62yBncrB
      X-Dd-Version:
      - "35.2632563"
      X-Frame-Options:
      - SAMEORIGIN
    status: 200 OK
    code: 200
    duration: ""
- request:
    body: ""
    form: {}
    headers:
      Accept:
      - application/json
      Dd-Operation-Id:
      - GetDashboard
      User-Agent:
      - datadog-api-client-go/1.0.0-beta.4 (go go1.13; os darwin; arch amd64)
    url: https://api.datadoghq.com/api/v1/dashboard/p7d-faj-gwv
    method: GET
  response:
    body: '{"notify_list":[],"description":"Created using the Datadog provider in
      Terraform","author_name":"Nicholas Muesch","template_variable_presets":[],"template_variables":[],"is_read_only":true,"id":"p7d-faj-gwv","title":"Acceptance
      Test Heatmap Widget Dashboard","url":"/dashboard/p7d-faj-gwv/acceptance-test-heatmap-widget-dashboard","created_at":"2020-06-17T16:51:35.585437+00:00","modified_at":"2020-06-17T16:51:35.585437+00:00","author_handle":"nicholas.muesch@datadoghq.com","widgets":[{"definition":{"title_size":"16","title":"Avg
      of system.cpu.user over account:prod by app","title_align":"center","yaxis":{"include_zero":false,"max":"100"},"time":{"live_span":"1mo"},"requests":[{"q":"avg:system.cpu.user{account:prod}
      by {app}","style":{"palette":"blue"}}],"type":"heatmap"},"id":1386073392813399}],"layout_type":"ordered"}'
    headers:
      Cache-Control:
      - no-cache
      Connection:
      - keep-alive
      Content-Security-Policy:
      - frame-ancestors 'self'; report-uri https://api.datadoghq.com/csp-report
      Content-Type:
      - application/json
      Date:
      - Wed, 17 Jun 2020 16:51:39 GMT
      Dd-Pool:
      - dogweb
      Pragma:
      - no-cache
      Set-Cookie:
      - DD-PSHARD=233; Max-Age=604800; Path=/; expires=Wed, 24-Jun-2020 16:51:39 GMT;
        secure; HttpOnly
      Strict-Transport-Security:
      - max-age=15724800;
      Vary:
      - Accept-Encoding
      X-Content-Type-Options:
      - nosniff
      X-Dd-Debug:
      - oQ/oy4ezTZ+/WzL4afBMlDjLd5w62e5H15hF5BJChw1Gte+Sq8B8tB7i6vlTiLL0
      X-Dd-Version:
      - "35.2632563"
      X-Frame-Options:
      - SAMEORIGIN
    status: 200 OK
    code: 200
    duration: ""
- request:
    body: ""
    form: {}
    headers:
      Accept:
      - application/json
      Dd-Operation-Id:
      - GetDashboard
      User-Agent:
      - datadog-api-client-go/1.0.0-beta.4 (go go1.13; os darwin; arch amd64)
    url: https://api.datadoghq.com/api/v1/dashboard/p7d-faj-gwv
    method: GET
  response:
    body: '{"notify_list":[],"description":"Created using the Datadog provider in
      Terraform","author_name":"Nicholas Muesch","template_variable_presets":[],"template_variables":[],"is_read_only":true,"id":"p7d-faj-gwv","title":"Acceptance
      Test Heatmap Widget Dashboard","url":"/dashboard/p7d-faj-gwv/acceptance-test-heatmap-widget-dashboard","created_at":"2020-06-17T16:51:35.585437+00:00","modified_at":"2020-06-17T16:51:35.585437+00:00","author_handle":"nicholas.muesch@datadoghq.com","widgets":[{"definition":{"title_size":"16","title":"Avg
      of system.cpu.user over account:prod by app","title_align":"center","yaxis":{"include_zero":false,"max":"100"},"time":{"live_span":"1mo"},"requests":[{"q":"avg:system.cpu.user{account:prod}
      by {app}","style":{"palette":"blue"}}],"type":"heatmap"},"id":1386073392813399}],"layout_type":"ordered"}'
    headers:
      Cache-Control:
      - no-cache
      Connection:
      - keep-alive
      Content-Security-Policy:
      - frame-ancestors 'self'; report-uri https://api.datadoghq.com/csp-report
      Content-Type:
      - application/json
      Date:
      - Wed, 17 Jun 2020 16:51:39 GMT
      Dd-Pool:
      - dogweb
      Pragma:
      - no-cache
      Set-Cookie:
      - DD-PSHARD=233; Max-Age=604800; Path=/; expires=Wed, 24-Jun-2020 16:51:39 GMT;
        secure; HttpOnly
      Strict-Transport-Security:
      - max-age=15724800;
      Vary:
      - Accept-Encoding
      X-Content-Type-Options:
      - nosniff
      X-Dd-Debug:
      - DNJM9d0LaQZJbuEjasKEmgCwDoiLnJW9mPQJm+yWIlQRbFhX4Vzx4uuDCt38dWhb
      X-Dd-Version:
      - "35.2632563"
      X-Frame-Options:
      - SAMEORIGIN
    status: 200 OK
    code: 200
    duration: ""
- request:
    body: ""
    form: {}
    headers:
      Accept:
      - application/json
      Dd-Operation-Id:
      - DeleteDashboard
      User-Agent:
      - datadog-api-client-go/1.0.0-beta.4 (go go1.13; os darwin; arch amd64)
    url: https://api.datadoghq.com/api/v1/dashboard/p7d-faj-gwv
    method: DELETE
  response:
    body: '{"deleted_dashboard_id":"p7d-faj-gwv"}'
    headers:
      Cache-Control:
      - no-cache
      Connection:
      - keep-alive
      Content-Security-Policy:
      - frame-ancestors 'self'; report-uri https://api.datadoghq.com/csp-report
      Content-Type:
      - application/json
      Date:
      - Wed, 17 Jun 2020 16:51:50 GMT
      Dd-Pool:
      - dogweb
      Pragma:
      - no-cache
      Set-Cookie:
      - DD-PSHARD=233; Max-Age=604800; Path=/; expires=Wed, 24-Jun-2020 16:51:40 GMT;
        secure; HttpOnly
      Strict-Transport-Security:
      - max-age=15724800;
      Vary:
      - Accept-Encoding
      X-Content-Type-Options:
      - nosniff
      X-Dd-Debug:
      - 69kiClanS8NcBSsdd51HHifvhQSGoRbJJjhU9l40yqxQHVNrndFN9zVtFJW1OcSf
      X-Dd-Version:
      - "35.2632563"
      X-Frame-Options:
      - SAMEORIGIN
    status: 200 OK
    code: 200
    duration: ""
- request:
    body: ""
    form: {}
    headers:
      Accept:
      - application/json
      Dd-Operation-Id:
      - GetDashboard
      User-Agent:
      - datadog-api-client-go/1.0.0-beta.4 (go go1.13; os darwin; arch amd64)
    url: https://api.datadoghq.com/api/v1/dashboard/p7d-faj-gwv
    method: GET
  response:
    body: '{"errors": ["Dashboard with ID p7d-faj-gwv not found"]}'
    headers:
      Cache-Control:
      - no-cache
      Connection:
      - keep-alive
      Content-Security-Policy:
      - frame-ancestors 'self'; report-uri https://api.datadoghq.com/csp-report
      Content-Type:
      - application/json
      Date:
      - Wed, 17 Jun 2020 16:51:51 GMT
      Dd-Pool:
      - dogweb
      Pragma:
      - no-cache
      Strict-Transport-Security:
      - max-age=15724800;
      Vary:
      - Accept-Encoding
      X-Content-Type-Options:
      - nosniff
      X-Dd-Version:
      - "35.2632563"
      X-Frame-Options:
      - SAMEORIGIN
    status: 404 Not Found
    code: 404
    duration: ""
