---
version: 1
interactions:
- request:
    body: ""
    form: {}
    headers:
      Accept:
      - application/json
      Dd-Operation-Id:
      - ListLocations
      User-Agent:
      - datadog-api-client-go/1.0.0-beta.7 (go go1.14.4; os darwin; arch amd64)
    url: https://api.datadoghq.com/api/v1/synthetics/locations
    method: GET
  response:
    body: '{"locations":[{"id":"aws:ap-northeast-1","name":"Tokyo (AWS)"},{"id":"aws:ap-northeast-2","name":"Seoul
      (AWS)"},{"id":"aws:ap-south-1","name":"Mumbai (AWS)"},{"id":"aws:ap-southeast-1","name":"Singapore
      (AWS)"},{"id":"aws:ap-southeast-2","name":"Sydney (AWS)"},{"id":"aws:ca-central-1","name":"Canada
      Central (AWS)"},{"id":"aws:eu-central-1","name":"Frankfurt (AWS)"},{"id":"aws:eu-north-1","name":"Stockholm
      (AWS)"},{"id":"aws:eu-west-1","name":"Ireland (AWS)"},{"id":"aws:eu-west-2","name":"London
      (AWS)"},{"id":"aws:eu-west-3","name":"Paris (AWS)"},{"id":"aws:sa-east-1","name":"S\u00e3o
      Paulo (AWS)"},{"id":"aws:us-east-2","name":"Ohio (AWS)"},{"id":"aws:us-west-1","name":"N.
      California (AWS)"},{"id":"aws:us-west-2","name":"Oregon (AWS)"}]}'
    headers:
      Cache-Control:
      - no-cache
      Connection:
      - keep-alive
      Content-Security-Policy:
      - frame-ancestors 'self'; report-uri https://api.datadoghq.com/csp-report
      Content-Type:
      - application/json
      Date:
      - Fri, 24 Jul 2020 15:15:32 GMT
      Dd-Pool:
      - dogweb
      Pragma:
      - no-cache
      Set-Cookie:
      - DD-PSHARD=233; Max-Age=604800; Path=/; expires=Fri, 31-Jul-2020 15:15:32 GMT;
        secure; HttpOnly
      Strict-Transport-Security:
      - max-age=15724800;
      Vary:
      - Accept-Encoding
      X-Content-Type-Options:
      - nosniff
      X-Dd-Debug:
      - iTCu0VD4qRuVwxqwPJPtBHBafVtvRXzNXY5PXADP8gu+hwwk7sqd5h71qE1Z9SIh
      X-Dd-Version:
      - "35.2783574"
      X-Frame-Options:
      - SAMEORIGIN
      X-Ratelimit-Limit:
      - "120"
      X-Ratelimit-Period:
      - "60"
      X-Ratelimit-Remaining:
      - "119"
      X-Ratelimit-Reset:
      - "28"
    status: 200 OK
    code: 200
    duration: ""
- request:
    body: ""
    form: {}
    headers:
      Accept:
      - application/json
      Dd-Operation-Id:
      - ListLocations
      User-Agent:
      - datadog-api-client-go/1.0.0-beta.7 (go go1.14.4; os darwin; arch amd64)
    url: https://api.datadoghq.com/api/v1/synthetics/locations
    method: GET
  response:
    body: '{"locations":[{"id":"aws:ap-northeast-1","name":"Tokyo (AWS)"},{"id":"aws:ap-northeast-2","name":"Seoul
      (AWS)"},{"id":"aws:ap-south-1","name":"Mumbai (AWS)"},{"id":"aws:ap-southeast-1","name":"Singapore
      (AWS)"},{"id":"aws:ap-southeast-2","name":"Sydney (AWS)"},{"id":"aws:ca-central-1","name":"Canada
      Central (AWS)"},{"id":"aws:eu-central-1","name":"Frankfurt (AWS)"},{"id":"aws:eu-north-1","name":"Stockholm
      (AWS)"},{"id":"aws:eu-west-1","name":"Ireland (AWS)"},{"id":"aws:eu-west-2","name":"London
      (AWS)"},{"id":"aws:eu-west-3","name":"Paris (AWS)"},{"id":"aws:sa-east-1","name":"S\u00e3o
      Paulo (AWS)"},{"id":"aws:us-east-2","name":"Ohio (AWS)"},{"id":"aws:us-west-1","name":"N.
      California (AWS)"},{"id":"aws:us-west-2","name":"Oregon (AWS)"}]}'
    headers:
      Cache-Control:
      - no-cache
      Connection:
      - keep-alive
      Content-Security-Policy:
      - frame-ancestors 'self'; report-uri https://api.datadoghq.com/csp-report
      Content-Type:
      - application/json
      Date:
      - Fri, 24 Jul 2020 15:15:33 GMT
      Dd-Pool:
      - dogweb
      Pragma:
      - no-cache
      Set-Cookie:
      - DD-PSHARD=233; Max-Age=604800; Path=/; expires=Fri, 31-Jul-2020 15:15:33 GMT;
        secure; HttpOnly
      Strict-Transport-Security:
      - max-age=15724800;
      Vary:
      - Accept-Encoding
      X-Content-Type-Options:
      - nosniff
      X-Dd-Debug:
      - J5PL0LnJukdy69mckjXi3cjye/YJX2hkoCBkqKQi+tYjrsXYELx6DfDD11fhyjYF
      X-Dd-Version:
      - "35.2783574"
      X-Frame-Options:
      - SAMEORIGIN
      X-Ratelimit-Limit:
      - "120"
      X-Ratelimit-Period:
      - "60"
      X-Ratelimit-Remaining:
      - "118"
      X-Ratelimit-Reset:
      - "27"
    status: 200 OK
    code: 200
    duration: ""
- request:
    body: ""
    form: {}
    headers:
      Accept:
      - application/json
      Dd-Operation-Id:
      - ListLocations
      User-Agent:
      - datadog-api-client-go/1.0.0-beta.7 (go go1.14.4; os darwin; arch amd64)
    url: https://api.datadoghq.com/api/v1/synthetics/locations
    method: GET
  response:
    body: '{"locations":[{"id":"aws:ap-northeast-1","name":"Tokyo (AWS)"},{"id":"aws:ap-northeast-2","name":"Seoul
      (AWS)"},{"id":"aws:ap-south-1","name":"Mumbai (AWS)"},{"id":"aws:ap-southeast-1","name":"Singapore
      (AWS)"},{"id":"aws:ap-southeast-2","name":"Sydney (AWS)"},{"id":"aws:ca-central-1","name":"Canada
      Central (AWS)"},{"id":"aws:eu-central-1","name":"Frankfurt (AWS)"},{"id":"aws:eu-north-1","name":"Stockholm
      (AWS)"},{"id":"aws:eu-west-1","name":"Ireland (AWS)"},{"id":"aws:eu-west-2","name":"London
      (AWS)"},{"id":"aws:eu-west-3","name":"Paris (AWS)"},{"id":"aws:sa-east-1","name":"S\u00e3o
      Paulo (AWS)"},{"id":"aws:us-east-2","name":"Ohio (AWS)"},{"id":"aws:us-west-1","name":"N.
      California (AWS)"},{"id":"aws:us-west-2","name":"Oregon (AWS)"}]}'
    headers:
      Cache-Control:
      - no-cache
      Connection:
      - keep-alive
      Content-Security-Policy:
      - frame-ancestors 'self'; report-uri https://api.datadoghq.com/csp-report
      Content-Type:
      - application/json
      Date:
      - Fri, 24 Jul 2020 15:15:34 GMT
      Dd-Pool:
      - dogweb
      Pragma:
      - no-cache
      Set-Cookie:
      - DD-PSHARD=233; Max-Age=604800; Path=/; expires=Fri, 31-Jul-2020 15:15:34 GMT;
        secure; HttpOnly
      Strict-Transport-Security:
      - max-age=15724800;
      Vary:
      - Accept-Encoding
      X-Content-Type-Options:
      - nosniff
      X-Dd-Debug:
      - pdoE+6MDHF3ASB0y6TdRZq9HO/3uAKc0XPY7EkyNyaFqpXeeAHwz2Ce2QWIN714X
      X-Dd-Version:
      - "35.2783574"
      X-Frame-Options:
      - SAMEORIGIN
      X-Ratelimit-Limit:
      - "120"
      X-Ratelimit-Period:
      - "60"
      X-Ratelimit-Remaining:
      - "117"
      X-Ratelimit-Reset:
      - "26"
    status: 200 OK
    code: 200
    duration: ""
- request:
    body: ""
    form: {}
    headers:
      Accept:
      - application/json
      Dd-Operation-Id:
      - ListLocations
      User-Agent:
      - datadog-api-client-go/1.0.0-beta.7 (go go1.14.4; os darwin; arch amd64)
    url: https://api.datadoghq.com/api/v1/synthetics/locations
    method: GET
  response:
    body: '{"locations":[{"id":"aws:ap-northeast-1","name":"Tokyo (AWS)"},{"id":"aws:ap-northeast-2","name":"Seoul
      (AWS)"},{"id":"aws:ap-south-1","name":"Mumbai (AWS)"},{"id":"aws:ap-southeast-1","name":"Singapore
      (AWS)"},{"id":"aws:ap-southeast-2","name":"Sydney (AWS)"},{"id":"aws:ca-central-1","name":"Canada
      Central (AWS)"},{"id":"aws:eu-central-1","name":"Frankfurt (AWS)"},{"id":"aws:eu-north-1","name":"Stockholm
      (AWS)"},{"id":"aws:eu-west-1","name":"Ireland (AWS)"},{"id":"aws:eu-west-2","name":"London
      (AWS)"},{"id":"aws:eu-west-3","name":"Paris (AWS)"},{"id":"aws:sa-east-1","name":"S\u00e3o
      Paulo (AWS)"},{"id":"aws:us-east-2","name":"Ohio (AWS)"},{"id":"aws:us-west-1","name":"N.
      California (AWS)"},{"id":"aws:us-west-2","name":"Oregon (AWS)"}]}'
    headers:
      Cache-Control:
      - no-cache
      Connection:
      - keep-alive
      Content-Security-Policy:
      - frame-ancestors 'self'; report-uri https://api.datadoghq.com/csp-report
      Content-Type:
      - application/json
      Date:
      - Fri, 24 Jul 2020 15:15:34 GMT
      Dd-Pool:
      - dogweb
      Pragma:
      - no-cache
      Set-Cookie:
      - DD-PSHARD=233; Max-Age=604800; Path=/; expires=Fri, 31-Jul-2020 15:15:34 GMT;
        secure; HttpOnly
      Strict-Transport-Security:
      - max-age=15724800;
      Vary:
      - Accept-Encoding
      X-Content-Type-Options:
      - nosniff
      X-Dd-Debug:
      - 1/ye/L7/S9djtmh0CDbapYOAoYP2Xz5NE904aTai4cgQw/Kmmv343hpHqBIP3PC5
      X-Dd-Version:
      - "35.2783574"
      X-Frame-Options:
      - SAMEORIGIN
      X-Ratelimit-Limit:
      - "120"
      X-Ratelimit-Period:
      - "60"
      X-Ratelimit-Remaining:
      - "116"
      X-Ratelimit-Reset:
      - "26"
    status: 200 OK
    code: 200
    duration: ""
