---
version: 1
interactions:
- request:
    body: |
      {"description":"Created using the Datadog provider in Terraform","id":"","is_read_only":true,"layout_type":"ordered","notify_list":[],"template_variable_presets":[],"template_variables":[],"title":"Acceptance Test Distribution Widget Dashboard","widgets":[{"definition":{"requests":[{"q":"avg:system.cpu.user{account:prod} by {service,account}","style":{"palette":"purple"}}],"time":{"live_span":"1h"},"title":"Avg of system.cpu.user over account:prod by service,account","title_align":"left","title_size":"16","type":"distribution"}}]}
    form: {}
    headers:
      Accept:
      - application/json
      Content-Type:
      - application/json
      Dd-Operation-Id:
      - CreateDashboard
      User-Agent:
      - datadog-api-client-go/1.0.0-beta.4 (go go1.13; os darwin; arch amd64)
    url: https://api.datadoghq.com/api/v1/dashboard
    method: POST
  response:
    body: '{"notify_list":[],"description":"Created using the Datadog provider in
      Terraform","author_name":"Nicholas Muesch","template_variable_presets":[],"template_variables":[],"is_read_only":true,"id":"vvu-qb7-u6d","title":"Acceptance
      Test Distribution Widget Dashboard","url":"/dashboard/vvu-qb7-u6d/acceptance-test-distribution-widget-dashboard","created_at":"2020-06-18T18:09:31.371753+00:00","modified_at":"2020-06-18T18:09:31.371753+00:00","author_handle":"nicholas.muesch@datadoghq.com","widgets":[{"definition":{"title_size":"16","title":"Avg
      of system.cpu.user over account:prod by service,account","title_align":"left","time":{"live_span":"1h"},"requests":[{"q":"avg:system.cpu.user{account:prod}
      by {service,account}","style":{"palette":"purple"}}],"type":"distribution"},"id":5188587696313210}],"layout_type":"ordered"}'
    headers:
      Cache-Control:
      - no-cache
      Connection:
      - keep-alive
      Content-Security-Policy:
      - frame-ancestors 'self'; report-uri https://api.datadoghq.com/csp-report
      Content-Type:
      - application/json
      Date:
      - Thu, 18 Jun 2020 18:09:31 GMT
      Dd-Pool:
      - dogweb
      Pragma:
      - no-cache
      Set-Cookie:
      - DD-PSHARD=233; Max-Age=604800; Path=/; expires=Thu, 25-Jun-2020 18:09:31 GMT;
        secure; HttpOnly
      Strict-Transport-Security:
      - max-age=15724800;
      Vary:
      - Accept-Encoding
      X-Content-Type-Options:
      - nosniff
      X-Dd-Debug:
      - rxkz+JB0yzarEINDeNWQGs9dk7PLNAMnAw2wV8MNkZOhKDtz+JOpGuIyyBUaWwyF
      X-Dd-Version:
      - "35.2638726"
      X-Frame-Options:
      - SAMEORIGIN
    status: 200 OK
    code: 200
    duration: ""
- request:
    body: ""
    form: {}
    headers:
      Accept:
      - application/json
      Dd-Operation-Id:
      - GetDashboard
      User-Agent:
      - datadog-api-client-go/1.0.0-beta.4 (go go1.13; os darwin; arch amd64)
    url: https://api.datadoghq.com/api/v1/dashboard/vvu-qb7-u6d
    method: GET
  response:
    body: '{"notify_list":[],"description":"Created using the Datadog provider in
      Terraform","author_name":"Nicholas Muesch","template_variable_presets":[],"template_variables":[],"is_read_only":true,"id":"vvu-qb7-u6d","title":"Acceptance
      Test Distribution Widget Dashboard","url":"/dashboard/vvu-qb7-u6d/acceptance-test-distribution-widget-dashboard","created_at":"2020-06-18T18:09:31.371753+00:00","modified_at":"2020-06-18T18:09:31.371753+00:00","author_handle":"nicholas.muesch@datadoghq.com","widgets":[{"definition":{"title_size":"16","title":"Avg
      of system.cpu.user over account:prod by service,account","title_align":"left","time":{"live_span":"1h"},"requests":[{"q":"avg:system.cpu.user{account:prod}
      by {service,account}","style":{"palette":"purple"}}],"type":"distribution"},"id":5188587696313210}],"layout_type":"ordered"}'
    headers:
      Cache-Control:
      - no-cache
      Connection:
      - keep-alive
      Content-Security-Policy:
      - frame-ancestors 'self'; report-uri https://api.datadoghq.com/csp-report
      Content-Type:
      - application/json
      Date:
      - Thu, 18 Jun 2020 18:09:31 GMT
      Dd-Pool:
      - dogweb
      Pragma:
      - no-cache
      Set-Cookie:
      - DD-PSHARD=233; Max-Age=604800; Path=/; expires=Thu, 25-Jun-2020 18:09:31 GMT;
        secure; HttpOnly
      Strict-Transport-Security:
      - max-age=15724800;
      Vary:
      - Accept-Encoding
      X-Content-Type-Options:
      - nosniff
      X-Dd-Debug:
      - GAK1J4mJd/EBZfEK4rqUw9OeB9GOeKgSyrXGtzNUi5zrv5sHYU56xJgA4bcbtgUA
      X-Dd-Version:
      - "35.2638726"
      X-Frame-Options:
      - SAMEORIGIN
    status: 200 OK
    code: 200
    duration: ""
- request:
    body: ""
    form: {}
    headers:
      Accept:
      - application/json
      Dd-Operation-Id:
      - GetDashboard
      User-Agent:
      - datadog-api-client-go/1.0.0-beta.4 (go go1.13; os darwin; arch amd64)
    url: https://api.datadoghq.com/api/v1/dashboard/vvu-qb7-u6d
    method: GET
  response:
    body: '{"notify_list":[],"description":"Created using the Datadog provider in
      Terraform","author_name":"Nicholas Muesch","template_variable_presets":[],"template_variables":[],"is_read_only":true,"id":"vvu-qb7-u6d","title":"Acceptance
      Test Distribution Widget Dashboard","url":"/dashboard/vvu-qb7-u6d/acceptance-test-distribution-widget-dashboard","created_at":"2020-06-18T18:09:31.371753+00:00","modified_at":"2020-06-18T18:09:31.371753+00:00","author_handle":"nicholas.muesch@datadoghq.com","widgets":[{"definition":{"title_size":"16","title":"Avg
      of system.cpu.user over account:prod by service,account","title_align":"left","time":{"live_span":"1h"},"requests":[{"q":"avg:system.cpu.user{account:prod}
      by {service,account}","style":{"palette":"purple"}}],"type":"distribution"},"id":5188587696313210}],"layout_type":"ordered"}'
    headers:
      Cache-Control:
      - no-cache
      Connection:
      - keep-alive
      Content-Security-Policy:
      - frame-ancestors 'self'; report-uri https://api.datadoghq.com/csp-report
      Content-Type:
      - application/json
      Date:
      - Thu, 18 Jun 2020 18:09:32 GMT
      Dd-Pool:
      - dogweb
      Pragma:
      - no-cache
      Set-Cookie:
      - DD-PSHARD=233; Max-Age=604800; Path=/; expires=Thu, 25-Jun-2020 18:09:32 GMT;
        secure; HttpOnly
      Strict-Transport-Security:
      - max-age=15724800;
      Vary:
      - Accept-Encoding
      X-Content-Type-Options:
      - nosniff
      X-Dd-Debug:
      - NclXS5F5t+kukUaODU4jY2oSI1KBdPHFdFhJZNfbXLWDOThxbCLlKKmYvikjdDSg
      X-Dd-Version:
      - "35.2638726"
      X-Frame-Options:
      - SAMEORIGIN
    status: 200 OK
    code: 200
    duration: ""
- request:
    body: ""
    form: {}
    headers:
      Accept:
      - application/json
      Dd-Operation-Id:
      - GetDashboard
      User-Agent:
      - datadog-api-client-go/1.0.0-beta.4 (go go1.13; os darwin; arch amd64)
    url: https://api.datadoghq.com/api/v1/dashboard/vvu-qb7-u6d
    method: GET
  response:
    body: '{"notify_list":[],"description":"Created using the Datadog provider in
      Terraform","author_name":"Nicholas Muesch","template_variable_presets":[],"template_variables":[],"is_read_only":true,"id":"vvu-qb7-u6d","title":"Acceptance
      Test Distribution Widget Dashboard","url":"/dashboard/vvu-qb7-u6d/acceptance-test-distribution-widget-dashboard","created_at":"2020-06-18T18:09:31.371753+00:00","modified_at":"2020-06-18T18:09:31.371753+00:00","author_handle":"nicholas.muesch@datadoghq.com","widgets":[{"definition":{"title_size":"16","title":"Avg
      of system.cpu.user over account:prod by service,account","title_align":"left","time":{"live_span":"1h"},"requests":[{"q":"avg:system.cpu.user{account:prod}
      by {service,account}","style":{"palette":"purple"}}],"type":"distribution"},"id":5188587696313210}],"layout_type":"ordered"}'
    headers:
      Cache-Control:
      - no-cache
      Connection:
      - keep-alive
      Content-Security-Policy:
      - frame-ancestors 'self'; report-uri https://api.datadoghq.com/csp-report
      Content-Type:
      - application/json
      Date:
      - Thu, 18 Jun 2020 18:09:33 GMT
      Dd-Pool:
      - dogweb
      Pragma:
      - no-cache
      Set-Cookie:
      - DD-PSHARD=233; Max-Age=604800; Path=/; expires=Thu, 25-Jun-2020 18:09:33 GMT;
        secure; HttpOnly
      Strict-Transport-Security:
      - max-age=15724800;
      Vary:
      - Accept-Encoding
      X-Content-Type-Options:
      - nosniff
      X-Dd-Debug:
      - EE74ncTR989SomsonUvABJWdGDkXBs7Emqj3HVDpp6NYddpvHp95kXsnHux1Es9E
      X-Dd-Version:
      - "35.2638726"
      X-Frame-Options:
      - SAMEORIGIN
    status: 200 OK
    code: 200
    duration: ""
- request:
    body: ""
    form: {}
    headers:
      Accept:
      - application/json
      Dd-Operation-Id:
      - GetDashboard
      User-Agent:
      - datadog-api-client-go/1.0.0-beta.4 (go go1.13; os darwin; arch amd64)
    url: https://api.datadoghq.com/api/v1/dashboard/vvu-qb7-u6d
    method: GET
  response:
    body: '{"notify_list":[],"description":"Created using the Datadog provider in
      Terraform","author_name":"Nicholas Muesch","template_variable_presets":[],"template_variables":[],"is_read_only":true,"id":"vvu-qb7-u6d","title":"Acceptance
      Test Distribution Widget Dashboard","url":"/dashboard/vvu-qb7-u6d/acceptance-test-distribution-widget-dashboard","created_at":"2020-06-18T18:09:31.371753+00:00","modified_at":"2020-06-18T18:09:31.371753+00:00","author_handle":"nicholas.muesch@datadoghq.com","widgets":[{"definition":{"title_size":"16","title":"Avg
      of system.cpu.user over account:prod by service,account","title_align":"left","time":{"live_span":"1h"},"requests":[{"q":"avg:system.cpu.user{account:prod}
      by {service,account}","style":{"palette":"purple"}}],"type":"distribution"},"id":5188587696313210}],"layout_type":"ordered"}'
    headers:
      Cache-Control:
      - no-cache
      Connection:
      - keep-alive
      Content-Security-Policy:
      - frame-ancestors 'self'; report-uri https://api.datadoghq.com/csp-report
      Content-Type:
      - application/json
      Date:
      - Thu, 18 Jun 2020 18:09:34 GMT
      Dd-Pool:
      - dogweb
      Pragma:
      - no-cache
      Set-Cookie:
      - DD-PSHARD=233; Max-Age=604800; Path=/; expires=Thu, 25-Jun-2020 18:09:34 GMT;
        secure; HttpOnly
      Strict-Transport-Security:
      - max-age=15724800;
      Vary:
      - Accept-Encoding
      X-Content-Type-Options:
      - nosniff
      X-Dd-Debug:
      - OxP+mFpjAbASiVhNf+t4MttAs95ZlMiGosIRnYJJGFoApNgv2oxtdzpnmNlMOki6
      X-Dd-Version:
      - "35.2638726"
      X-Frame-Options:
      - SAMEORIGIN
    status: 200 OK
    code: 200
    duration: ""
- request:
    body: ""
    form: {}
    headers:
      Accept:
      - application/json
      Dd-Operation-Id:
      - GetDashboard
      User-Agent:
      - datadog-api-client-go/1.0.0-beta.4 (go go1.13; os darwin; arch amd64)
    url: https://api.datadoghq.com/api/v1/dashboard/vvu-qb7-u6d
    method: GET
  response:
    body: '{"notify_list":[],"description":"Created using the Datadog provider in
      Terraform","author_name":"Nicholas Muesch","template_variable_presets":[],"template_variables":[],"is_read_only":true,"id":"vvu-qb7-u6d","title":"Acceptance
      Test Distribution Widget Dashboard","url":"/dashboard/vvu-qb7-u6d/acceptance-test-distribution-widget-dashboard","created_at":"2020-06-18T18:09:31.371753+00:00","modified_at":"2020-06-18T18:09:31.371753+00:00","author_handle":"nicholas.muesch@datadoghq.com","widgets":[{"definition":{"title_size":"16","title":"Avg
      of system.cpu.user over account:prod by service,account","title_align":"left","time":{"live_span":"1h"},"requests":[{"q":"avg:system.cpu.user{account:prod}
      by {service,account}","style":{"palette":"purple"}}],"type":"distribution"},"id":5188587696313210}],"layout_type":"ordered"}'
    headers:
      Cache-Control:
      - no-cache
      Connection:
      - keep-alive
      Content-Security-Policy:
      - frame-ancestors 'self'; report-uri https://api.datadoghq.com/csp-report
      Content-Type:
      - application/json
      Date:
      - Thu, 18 Jun 2020 18:09:34 GMT
      Dd-Pool:
      - dogweb
      Pragma:
      - no-cache
      Set-Cookie:
      - DD-PSHARD=233; Max-Age=604800; Path=/; expires=Thu, 25-Jun-2020 18:09:34 GMT;
        secure; HttpOnly
      Strict-Transport-Security:
      - max-age=15724800;
      Vary:
      - Accept-Encoding
      X-Content-Type-Options:
      - nosniff
      X-Dd-Debug:
      - EbXB0e7cF4uDRViRvI+w6qPg1YzykoJqZiw5SbqL/81VRQW4a286h09eTGyIVvXJ
      X-Dd-Version:
      - "35.2638726"
      X-Frame-Options:
      - SAMEORIGIN
    status: 200 OK
    code: 200
    duration: ""
- request:
    body: ""
    form: {}
    headers:
      Accept:
      - application/json
      Dd-Operation-Id:
      - GetDashboard
      User-Agent:
      - datadog-api-client-go/1.0.0-beta.4 (go go1.13; os darwin; arch amd64)
    url: https://api.datadoghq.com/api/v1/dashboard/vvu-qb7-u6d
    method: GET
  response:
    body: '{"notify_list":[],"description":"Created using the Datadog provider in
      Terraform","author_name":"Nicholas Muesch","template_variable_presets":[],"template_variables":[],"is_read_only":true,"id":"vvu-qb7-u6d","title":"Acceptance
      Test Distribution Widget Dashboard","url":"/dashboard/vvu-qb7-u6d/acceptance-test-distribution-widget-dashboard","created_at":"2020-06-18T18:09:31.371753+00:00","modified_at":"2020-06-18T18:09:31.371753+00:00","author_handle":"nicholas.muesch@datadoghq.com","widgets":[{"definition":{"title_size":"16","title":"Avg
      of system.cpu.user over account:prod by service,account","title_align":"left","time":{"live_span":"1h"},"requests":[{"q":"avg:system.cpu.user{account:prod}
      by {service,account}","style":{"palette":"purple"}}],"type":"distribution"},"id":5188587696313210}],"layout_type":"ordered"}'
    headers:
      Cache-Control:
      - no-cache
      Connection:
      - keep-alive
      Content-Security-Policy:
      - frame-ancestors 'self'; report-uri https://api.datadoghq.com/csp-report
      Content-Type:
      - application/json
      Date:
      - Thu, 18 Jun 2020 18:09:34 GMT
      Dd-Pool:
      - dogweb
      Pragma:
      - no-cache
      Set-Cookie:
      - DD-PSHARD=233; Max-Age=604800; Path=/; expires=Thu, 25-Jun-2020 18:09:34 GMT;
        secure; HttpOnly
      Strict-Transport-Security:
      - max-age=15724800;
      Vary:
      - Accept-Encoding
      X-Content-Type-Options:
      - nosniff
      X-Dd-Debug:
      - v8lEj/pYmsavh1I0Db6FT/BAvLdOdAv91ctM9ImcmfZ/KHrCACXEdhuskTCPihd+
      X-Dd-Version:
      - "35.2638726"
      X-Frame-Options:
      - SAMEORIGIN
    status: 200 OK
    code: 200
    duration: ""
- request:
    body: ""
    form: {}
    headers:
      Accept:
      - application/json
      Dd-Operation-Id:
      - GetDashboard
      User-Agent:
      - datadog-api-client-go/1.0.0-beta.4 (go go1.13; os darwin; arch amd64)
    url: https://api.datadoghq.com/api/v1/dashboard/vvu-qb7-u6d
    method: GET
  response:
    body: '{"notify_list":[],"description":"Created using the Datadog provider in
      Terraform","author_name":"Nicholas Muesch","template_variable_presets":[],"template_variables":[],"is_read_only":true,"id":"vvu-qb7-u6d","title":"Acceptance
      Test Distribution Widget Dashboard","url":"/dashboard/vvu-qb7-u6d/acceptance-test-distribution-widget-dashboard","created_at":"2020-06-18T18:09:31.371753+00:00","modified_at":"2020-06-18T18:09:31.371753+00:00","author_handle":"nicholas.muesch@datadoghq.com","widgets":[{"definition":{"title_size":"16","title":"Avg
      of system.cpu.user over account:prod by service,account","title_align":"left","time":{"live_span":"1h"},"requests":[{"q":"avg:system.cpu.user{account:prod}
      by {service,account}","style":{"palette":"purple"}}],"type":"distribution"},"id":5188587696313210}],"layout_type":"ordered"}'
    headers:
      Cache-Control:
      - no-cache
      Connection:
      - keep-alive
      Content-Security-Policy:
      - frame-ancestors 'self'; report-uri https://api.datadoghq.com/csp-report
      Content-Type:
      - application/json
      Date:
      - Thu, 18 Jun 2020 18:09:35 GMT
      Dd-Pool:
      - dogweb
      Pragma:
      - no-cache
      Set-Cookie:
      - DD-PSHARD=233; Max-Age=604800; Path=/; expires=Thu, 25-Jun-2020 18:09:35 GMT;
        secure; HttpOnly
      Strict-Transport-Security:
      - max-age=15724800;
      Vary:
      - Accept-Encoding
      X-Content-Type-Options:
      - nosniff
      X-Dd-Debug:
      - Wts7Rn21w0qW4rqYtxheVW/4xeY9Y3ARkRMnLeq6etar4hXLqkvskJXcsIyQxYKB
      X-Dd-Version:
      - "35.2638726"
      X-Frame-Options:
      - SAMEORIGIN
    status: 200 OK
    code: 200
    duration: ""
- request:
    body: ""
    form: {}
    headers:
      Accept:
      - application/json
      Dd-Operation-Id:
      - GetDashboard
      User-Agent:
      - datadog-api-client-go/1.0.0-beta.4 (go go1.13; os darwin; arch amd64)
    url: https://api.datadoghq.com/api/v1/dashboard/vvu-qb7-u6d
    method: GET
  response:
    body: '{"notify_list":[],"description":"Created using the Datadog provider in
      Terraform","author_name":"Nicholas Muesch","template_variable_presets":[],"template_variables":[],"is_read_only":true,"id":"vvu-qb7-u6d","title":"Acceptance
      Test Distribution Widget Dashboard","url":"/dashboard/vvu-qb7-u6d/acceptance-test-distribution-widget-dashboard","created_at":"2020-06-18T18:09:31.371753+00:00","modified_at":"2020-06-18T18:09:31.371753+00:00","author_handle":"nicholas.muesch@datadoghq.com","widgets":[{"definition":{"title_size":"16","title":"Avg
      of system.cpu.user over account:prod by service,account","title_align":"left","time":{"live_span":"1h"},"requests":[{"q":"avg:system.cpu.user{account:prod}
      by {service,account}","style":{"palette":"purple"}}],"type":"distribution"},"id":5188587696313210}],"layout_type":"ordered"}'
    headers:
      Cache-Control:
      - no-cache
      Connection:
      - keep-alive
      Content-Security-Policy:
      - frame-ancestors 'self'; report-uri https://api.datadoghq.com/csp-report
      Content-Type:
      - application/json
      Date:
      - Thu, 18 Jun 2020 18:09:35 GMT
      Dd-Pool:
      - dogweb
      Pragma:
      - no-cache
      Set-Cookie:
      - DD-PSHARD=233; Max-Age=604800; Path=/; expires=Thu, 25-Jun-2020 18:09:35 GMT;
        secure; HttpOnly
      Strict-Transport-Security:
      - max-age=15724800;
      Vary:
      - Accept-Encoding
      X-Content-Type-Options:
      - nosniff
      X-Dd-Debug:
      - 0pmBjL5vG2A5IkxC4OBtwgn929khTZGgUquRW20JC77zchR4jTrHgra/pB22jP66
      X-Dd-Version:
      - "35.2638726"
      X-Frame-Options:
      - SAMEORIGIN
    status: 200 OK
    code: 200
    duration: ""
- request:
    body: ""
    form: {}
    headers:
      Accept:
      - application/json
      Dd-Operation-Id:
      - DeleteDashboard
      User-Agent:
      - datadog-api-client-go/1.0.0-beta.4 (go go1.13; os darwin; arch amd64)
    url: https://api.datadoghq.com/api/v1/dashboard/vvu-qb7-u6d
    method: DELETE
  response:
    body: '{"deleted_dashboard_id":"vvu-qb7-u6d"}'
    headers:
      Cache-Control:
      - no-cache
      Connection:
      - keep-alive
      Content-Security-Policy:
      - frame-ancestors 'self'; report-uri https://api.datadoghq.com/csp-report
      Content-Type:
      - application/json
      Date:
      - Thu, 18 Jun 2020 18:09:49 GMT
      Dd-Pool:
      - dogweb
      Pragma:
      - no-cache
      Set-Cookie:
      - DD-PSHARD=233; Max-Age=604800; Path=/; expires=Thu, 25-Jun-2020 18:09:36 GMT;
        secure; HttpOnly
      Strict-Transport-Security:
      - max-age=15724800;
      Vary:
      - Accept-Encoding
      X-Content-Type-Options:
      - nosniff
      X-Dd-Debug:
      - AZX6w/8zD+VN3BjlP7mTxsWKLW39bs6QmKw7eyNlBdxzsMsZp5eTFn4umzElZK4n
      X-Dd-Version:
      - "35.2638726"
      X-Frame-Options:
      - SAMEORIGIN
    status: 200 OK
    code: 200
    duration: ""
- request:
    body: ""
    form: {}
    headers:
      Accept:
      - application/json
      Dd-Operation-Id:
      - GetDashboard
      User-Agent:
      - datadog-api-client-go/1.0.0-beta.4 (go go1.13; os darwin; arch amd64)
    url: https://api.datadoghq.com/api/v1/dashboard/vvu-qb7-u6d
    method: GET
  response:
    body: '{"errors": ["Dashboard with ID vvu-qb7-u6d not found"]}'
    headers:
      Cache-Control:
      - no-cache
      Connection:
      - keep-alive
      Content-Security-Policy:
      - frame-ancestors 'self'; report-uri https://api.datadoghq.com/csp-report
      Content-Type:
      - application/json
      Date:
      - Thu, 18 Jun 2020 18:09:50 GMT
      Dd-Pool:
      - dogweb
      Pragma:
      - no-cache
      Strict-Transport-Security:
      - max-age=15724800;
      Vary:
      - Accept-Encoding
      X-Content-Type-Options:
      - nosniff
      X-Dd-Version:
      - "35.2638726"
      X-Frame-Options:
      - SAMEORIGIN
    status: 404 Not Found
    code: 404
    duration: ""
